============================= test session starts =============================
platform win32 -- Python 3.13.7, pytest-8.4.2, pluggy-1.6.0 -- C:\Users\stsio\OneDrive\Desktop\TRP-Ruth\Agentic-Event-Store-Enterprise-Audit-Infrastructure\.venv\Scripts\python.exe
cachedir: .pytest_cache
rootdir: C:\Users\stsio\OneDrive\Desktop\TRP-Ruth\Agentic-Event-Store-Enterprise-Audit-Infrastructure
configfile: pytest.ini
plugins: anyio-4.13.0, Faker-25.9.2, langsmith-0.7.22, asyncio-0.24.0
asyncio: mode=Mode.AUTO, default_loop_scope=None
collecting ... collected 1 item

tests/test_concurrency_mastery.py::test_optimistic_concurrency_race_condition FAILED

================================== FAILURES ===================================
_________________ test_optimistic_concurrency_race_condition __________________

    @pytest.mark.asyncio
    async def test_optimistic_concurrency_race_condition():
        """
        Test that two concurrent appends to the same stream version
        correctly result in one winner and one OptimisticConcurrencyError.
        """
        store = InMemoryEventStore()
        stream_id = "test-race-stream"
    
        # 1. Initialize stream
>       await store.append(stream_id, [{"event_type": "Started", "payload": {}}], expected_version=-1)

tests\test_concurrency_mastery.py:15: 
_ _ _ _ _ _ _ _ _ _ _ _ _ _ _ _ _ _ _ _ _ _ _ _ _ _ _ _ _ _ _ _ _ _ _ _ _ _ _ _

self = <ledger.event_store.InMemoryEventStore object at 0x0000029174A58590>
stream_id = 'test-race-stream'
events = [{'event_type': 'Started', 'payload': {}}], expected_version = -1
causation_id = None, metadata = None

    async def append(
        self,
        stream_id: str,
        events: list[dict],
        expected_version: int,
        causation_id: str | None = None,
        metadata: dict | None = None,
    ) -> list[int]:
        async with self._locks[stream_id]:
            current = self._versions.get(stream_id, 0)
            if current != expected_version:
>               raise OptimisticConcurrencyError(stream_id, expected_version, current)
E               ledger.event_store.OptimisticConcurrencyError: OCC on 'test-race-stream': expected v-1, actual v0

ledger\event_store.py:471: OptimisticConcurrencyError
=========================== short test summary info ===========================
FAILED tests/test_concurrency_mastery.py::test_optimistic_concurrency_race_condition
============================== 1 failed in 0.40s ==============================
